Can't prepare file to send. Invalid format version. Actual format is 1.0