Can't prepare file to send. Invalid format version. Actual format is wrong