Can't prepare file to send. Too old document. Time of creation is 30.11.1999 0:00:00